# Append-only event log. One event per line.
# Format: <ISO timestamp> <ticket-id> <action> [<unblocked-list>] <bot-handle>
# See hive/HIVE.md "Working in parallel" section for the convention.
2026-05-05T16:30:00Z HV-031 in-progress nectar
2026-05-05T17:00:00Z HV-031 in-review HV-032,HV-033 unblocked nectar
2026-05-05T17:45:00Z FS-010 filed nectar
2026-05-05T17:45:00Z HV-039 filed nectar
2026-05-05T17:55:00Z HV-040 filed nectar
2026-05-05T17:55:00Z HV-041 in-progress nectar
2026-05-05T18:00:00Z HV-041 in-review nectar
2026-05-05T18:10:00Z HV-032 in-review HV-033 unblocked nectar
2026-05-05T18:15:00Z HV-033 in-progress nectar
2026-05-05T18:20:00Z HV-033 in-review nectar
2026-05-05T18:30:00Z HV-043 filed nectar
2026-05-05T18:45:00Z HV-036 accepted nectar
2026-05-05T18:45:00Z HV-041 accepted nectar
2026-05-05T18:50:00Z HV-030 accepted nectar
2026-05-05T19:00:00Z HV-019 accepted nectar
2026-05-05T19:30:00Z HV-031 rejected nectar
2026-05-05T19:55:00Z HV-031 in-review nectar
2026-05-05T20:05:00Z HV-031 accepted nectar
2026-05-05T20:05:00Z HV-032 accepted nectar
2026-05-05T20:05:00Z HV-033 accepted nectar
2026-05-05T20:05:00Z HV-037 accepted nectar
2026-05-05T20:15:00Z HV-044 filed nectar
2026-05-05T20:25:00Z HV-040 in-review nectar
2026-05-05T20:35:00Z HV-044 in-review nectar
2026-05-05T20:45:00Z HV-043 in-review nectar
2026-05-05T20:50:00Z HV-035 filed nectar
2026-05-05T21:00:00Z focus.md set to feature-set-010 nectar
2026-05-05T22:45:00Z HV-029 in-review nectar
