2026-05-11T20:48:24Z presence wren
2026-05-11T20:48:24Z FS-027 filed allavallc.wren
2026-05-11T20:48:24Z HV-112,HV-113,HV-114,HV-115,HV-116,HV-117 filed allavallc.wren
2026-05-11T20:48:24Z HV-118,HV-119 filed allavallc.wren
2026-05-11T22:28:43Z HV-120,HV-121 filed allavallc.wren
2026-05-11T23:26:09Z HV-068,HV-088,HV-091,HV-094,HV-100 swept-to-done allavallc.wren
2026-05-11T23:31:50Z HV-067,HV-077,HV-095,HV-096,HV-097,HV-099,HV-114 swept-to-done allavallc.wren
2026-05-11T23:44:51Z HV-124 filed allavallc.wren
2026-05-11T23:19:40Z HV-122,HV-123 filed allavallc.wren
2026-05-12T00:07:36Z HV-125 filed allavallc.wren
2026-05-12T02:00:22Z HV-126 filed allavallc.wren
2026-05-12T02:43:12Z HV-127 filed allavallc.wren
2026-05-12T02:43:13Z docs strip-period-from-kickoff allavallc.wren
2026-05-12T12:27:43Z HV-128 filed allavallc.wren
2026-05-12T12:36:25Z HV-129 filed allavallc.wren
2026-05-12T12:41:21Z HV-129 claim allavallc.wren
2026-05-12T12:46:54Z HV-129 in-review allavallc.wren
2026-05-12T19:00:00Z HV-130 in-review allavallc.wren
2026-05-12T19:15:00Z HV-131 in-review allavallc.wren
2026-05-12T20:45:00Z HV-133 in-review allavallc.wren
